Mode : Classic OT

-- Curve B12-P381:

[OK] RELIC initialisé
[OK] Paramètres publics générés -> [MESSAGE_LENGTH : 2048 bits]
[OK] Clés OT classiques écrites dans outputs/classic_ot_keys.bin
[OK] Requête OT classique lue
[OK] Phase OT terminée
[OK] Clé secrète et publique du signer générées
[OK] Réponse signer OT classique écrite
[OK] Réponse du signer lue par l'utilisateur
[OK] Signature finale calculée par l'utilisateur
[OK] Signature classique écrite

[--- Signature Valide ---]

----- Benchmark -----
Params      : 246.657 ms
OT          : 391.159 ms
KeyGen      : 0.200 ms
Signer      : 598.560 ms
Signature   : 151.037 ms
Verify      : 2.162 ms
---------------------
Crypto      : 1389.776 ms
Total       : 1482.103 ms
---------------------
