Mode : Classic OT

-- Curve K18-P638:

[OK] RELIC initialisé
[OK] Paramètres publics générés -> [MESSAGE_LENGTH : 2048 bits]
[OK] Clés OT classiques écrites dans outputs/classic_ot_keys.bin
[OK] Requête OT classique lue
[OK] Phase OT terminée
[OK] Clé secrète et publique du signer générées
[OK] Réponse signer OT classique écrite
[OK] Réponse du signer lue par l'utilisateur
[OK] Signature finale calculée par l'utilisateur
[OK] Signature classique écrite

[--- Signature Valide ---]

----- Benchmark -----
Params      : 1444.336 ms
OT          : 2289.501 ms
KeyGen      : 2.232 ms
Signer      : 3743.558 ms
Signature   : 947.143 ms
Verify      : 19.392 ms
---------------------
Crypto      : 8446.161 ms
Total       : 8917.975 ms
---------------------
