Mode : Classic OT

-- Curve B12-P446:

[OK] RELIC initialisé
[OK] Paramètres publics générés
[OK] Clés OT classiques écrites dans outputs/classic_ot_keys.bin
[OK] Requête OT classique lue
[OK] Phase OT terminée
[OK] Clé secrète et publique du signer générées
[OK] Réponse signer OT classique écrite
[OK] Réponse du signer lue par l'utilisateur
[OK] Signature finale calculée par l'utilisateur
[OK] Signature classique écrite

[--- Signature Valide ---]

----- Benchmark -----
Message     : 2048 bits
---------------------
Params      : 546.638 ms
OT          : 890.686 ms
KeyGen      : 0.524 ms
Signer      : 1447.951 ms
Signature   : 372.528 ms
Verify      : 4.500 ms
---------------------
Crypto      : 3262.827 ms
Total       : 3465.857 ms
---------------------
