Mode : Classic OT

-- Curve B12-P455:

[OK] RELIC initialisé
[OK] Paramètres publics générés
[OK] Clés OT classiques écrites dans outputs/classic_ot_keys.bin
[OK] Requête OT classique lue
[OK] Phase OT terminée
[OK] Clé secrète et publique du signer générées
[OK] Réponse signer OT classique écrite
[OK] Réponse du signer lue par l'utilisateur
[OK] Signature finale calculée par l'utilisateur
[OK] Signature classique écrite

[--- Signature Valide ---]

----- Benchmark -----
Message     : 2048 bits
---------------------
Params      : 730.927 ms
OT          : 955.503 ms
KeyGen      : 0.550 ms
Signer      : 1564.587 ms
Signature   : 393.546 ms
Verify      : 4.101 ms
---------------------
Crypto      : 3649.214 ms
Total       : 3843.837 ms
---------------------
