Mode : Classic OT

-- Curve B12-P377:

[OK] RELIC initialisé
[OK] Paramètres publics générés -> [MESSAGE_LENGTH : 2048 bits]
[OK] Clés OT classiques écrites dans outputs/classic_ot_keys.bin
[OK] Requête OT classique lue
[OK] Phase OT terminée
[OK] Clé secrète et publique du signer générées
[OK] Réponse signer OT classique écrite
[OK] Réponse du signer lue par l'utilisateur
[OK] Signature finale calculée par l'utilisateur
[OK] Signature classique écrite

[--- Signature Valide ---]

----- Benchmark -----
Params      : 276.557 ms
OT          : 678.314 ms
KeyGen      : 0.305 ms
Signer      : 705.570 ms
Signature   : 173.371 ms
Verify      : 3.117 ms
---------------------
Crypto      : 1837.235 ms
Total       : 2120.395 ms
---------------------
