Mode : Classic OT

-- Curve B24-P315:

[OK] RELIC initialisé
[OK] Paramètres publics générés -> [MESSAGE_LENGTH : 2048 bits]
[OK] Clés OT classiques écrites dans outputs/classic_ot_keys.bin
[OK] Requête OT classique lue
[OK] Phase OT terminée
[OK] Clé secrète et publique du signer générées
[OK] Réponse signer OT classique écrite
[OK] Réponse du signer lue par l'utilisateur
[OK] Signature finale calculée par l'utilisateur
[OK] Signature classique écrite

[--- Signature Valide ---]

----- Benchmark -----
Params      : 228.150 ms
OT          : 450.111 ms
KeyGen      : 0.876 ms
Signer      : 582.658 ms
Signature   : 147.970 ms
Verify      : 9.475 ms
---------------------
Crypto      : 1419.240 ms
Total       : 1560.273 ms
---------------------
