Mode : Classic OT

-- Curve B12-P381:

[OK] RELIC initialisé
[OK] Paramètres publics générés -> [MESSAGE_LENGTH : 2048 bits]
[OK] Clés OT classiques écrites dans outputs/classic_ot_keys.bin
[OK] Requête OT classique lue
[OK] Phase OT terminée
[OK] Clé secrète et publique du signer générées
[OK] Réponse signer OT classique écrite
[OK] Réponse du signer lue par l'utilisateur
[OK] Signature finale calculée par l'utilisateur
[OK] Signature classique écrite

[--- Signature Valide ---]

----- Benchmark -----
Params      : 241.590 ms
OT          : 520.867 ms
KeyGen      : 0.227 ms
Signer      : 645.030 ms
Signature   : 161.975 ms
Verify      : 2.303 ms
---------------------
Crypto      : 1571.992 ms
Total       : 1669.077 ms
---------------------
