Mode : Classic OT

-- Curve B48-P575:

[OK] RELIC initialisé
[OK] Paramètres publics générés
[OK] Clés OT classiques écrites dans outputs/classic_ot_keys.bin
[OK] Requête OT classique lue
[OK] Phase OT terminée
[OK] Clé secrète et publique du signer générées
[OK] Réponse signer OT classique écrite
[OK] Réponse du signer lue par l'utilisateur
[OK] Signature finale calculée par l'utilisateur
[OK] Signature classique écrite

[--- Signature Valide ---]

----- Benchmark -----
Message     : 2048 bits
---------------------
Params      : 1119.218 ms
OT          : 1616.642 ms
KeyGen      : 4.117 ms
Signer      : 2698.497 ms
Signature   : 735.395 ms
Verify      : 45.246 ms
---------------------
Crypto      : 6219.115 ms
Total       : 6536.638 ms
---------------------
