Mode : Classic OT

-- Curve BN-P254:

[OK] RELIC initialisé
[OK] Paramètres publics générés -> [MESSAGE_LENGTH : 2048 bits]
[OK] Clés OT classiques écrites dans outputs/classic_ot_keys.bin
[OK] Requête OT classique lue
[OK] Phase OT terminée
[OK] Clé secrète et publique du signer générées
[OK] Réponse signer OT classique écrite
[OK] Réponse du signer lue par l'utilisateur
[OK] Signature finale calculée par l'utilisateur
[OK] Signature classique écrite

[--- Signature Valide ---]

----- Benchmark -----
Params      : 192.587 ms
OT          : 356.726 ms
KeyGen      : 0.188 ms
Signer      : 513.390 ms
Signature   : 128.087 ms
Verify      : 1.260 ms
---------------------
Crypto      : 1192.239 ms
Total       : 1242.990 ms
---------------------
