Mode : Classic OT

-- Curve BN-P446:

[OK] RELIC initialisé
[OK] Paramètres publics générés
[OK] Clés OT classiques écrites dans outputs/classic_ot_keys.bin
[OK] Requête OT classique lue
[OK] Phase OT terminée
[OK] Clé secrète et publique du signer générées
[OK] Réponse signer OT classique écrite
[OK] Réponse du signer lue par l'utilisateur
[OK] Signature finale calculée par l'utilisateur
[OK] Signature classique écrite

[--- Signature Valide ---]

----- Benchmark -----
Message     : 2048 bits
---------------------
Params      : 1159.061 ms
OT          : 1802.629 ms
KeyGen      : 0.919 ms
Signer      : 2706.996 ms
Signature   : 686.675 ms
Verify      : 5.702 ms
---------------------
Crypto      : 6361.982 ms
Total       : 6583.164 ms
---------------------
