Mode : Classic OT

-- Curve FM18-P768:

[OK] RELIC initialisé
[OK] Paramètres publics générés
[OK] Clés OT classiques écrites dans outputs/classic_ot_keys.bin
[OK] Requête OT classique lue
[OK] Phase OT terminée
[OK] Clé secrète et publique du signer générées
[OK] Réponse signer OT classique écrite
[OK] Réponse du signer lue par l'utilisateur
[OK] Signature finale calculée par l'utilisateur
[OK] Signature classique écrite

[--- Signature Valide ---]

----- Benchmark -----
Message     : 2048 bits
---------------------
Params      : 2780.057 ms
OT          : 4416.661 ms
KeyGen      : 3.057 ms
Signer      : 6335.509 ms
Signature   : 1524.202 ms
Verify      : 36.912 ms
---------------------
Crypto      : 15096.398 ms
Total       : 16463.113 ms
---------------------
