Mode : Classic OT

-- Curve K18-P638:

[OK] RELIC initialisé
[OK] Paramètres publics générés
[OK] Clés OT classiques écrites dans outputs/classic_ot_keys.bin
[OK] Requête OT classique lue
[OK] Phase OT terminée
[OK] Clé secrète et publique du signer générées
[OK] Réponse signer OT classique écrite
[OK] Réponse du signer lue par l'utilisateur
[OK] Signature finale calculée par l'utilisateur
[OK] Signature classique écrite

[--- Signature Valide ---]

----- Benchmark -----
Message     : 2048 bits
---------------------
Params      : 1663.035 ms
OT          : 2476.588 ms
KeyGen      : 2.318 ms
Signer      : 4053.976 ms
Signature   : 1079.449 ms
Verify      : 21.478 ms
---------------------
Crypto      : 9296.845 ms
Total       : 9795.458 ms
---------------------
