Mode : Classic OT

-- Curve K16-P330:

[OK] RELIC initialisé
[OK] Paramètres publics générés
[OK] Clés OT classiques écrites dans outputs/classic_ot_keys.bin
[OK] Requête OT classique lue
[OK] Phase OT terminée
[OK] Clé secrète et publique du signer générées
[OK] Réponse signer OT classique écrite
[OK] Réponse du signer lue par l'utilisateur
[OK] Signature finale calculée par l'utilisateur
[OK] Signature classique écrite

[--- Signature Valide ---]

----- Benchmark -----
Message     : 2048 bits
---------------------
Params      : 433.392 ms
OT          : 702.290 ms
KeyGen      : 0.950 ms
Signer      : 1160.883 ms
Signature   : 286.088 ms
Verify      : 5.256 ms
---------------------
Crypto      : 2588.858 ms
Total       : 2691.718 ms
---------------------
