Mode : Classic OT

-- Curve K18-P354:

[OK] RELIC initialisé
[OK] Paramètres publics générés
[OK] Clés OT classiques écrites dans outputs/classic_ot_keys.bin
[OK] Requête OT classique lue
[OK] Phase OT terminée
[OK] Clé secrète et publique du signer générées
[OK] Réponse signer OT classique écrite
[OK] Réponse du signer lue par l'utilisateur
[OK] Signature finale calculée par l'utilisateur
[OK] Signature classique écrite

[--- Signature Valide ---]

----- Benchmark -----
Message     : 2048 bits
---------------------
Params      : 311.685 ms
OT          : 555.413 ms
KeyGen      : 0.690 ms
Signer      : 767.885 ms
Signature   : 202.164 ms
Verify      : 4.799 ms
---------------------
Crypto      : 1842.636 ms
Total       : 1960.117 ms
---------------------
